// Vitest Snapshot v1, https://vitest.dev/guide/snapshot.html

exports[`NotFound component > matches snapshot 1`] = `
<DocumentFragment>
  <div>
    404 - Not Found
  </div>
</DocumentFragment>
`;
